nohup: ignoring input
opening handshake failed
Traceback (most recent call last):
  File "/root/se-toolkit-lab-8/venv/lib/python3.14/site-packages/websockets/asyncio/server.py", line 356, in conn_handler
    await connection.handshake(
    ...<3 lines>...
    )
  File "/root/se-toolkit-lab-8/venv/lib/python3.14/site-packages/websockets/asyncio/server.py", line 207, in handshake
    raise self.protocol.handshake_exc
  File "/root/se-toolkit-lab-8/venv/lib/python3.14/site-packages/websockets/server.py", line 140, in accept
    ) = self.process_request(request)
        ~~~~~~~~~~~~~~~~~~~~^^^^^^^^^
  File "/root/se-toolkit-lab-8/venv/lib/python3.14/site-packages/websockets/server.py", line 235, in process_request
    raise InvalidUpgrade(
        "Connection", ", ".join(connection) if connection else None
    )
websockets.exceptions.InvalidUpgrade: missing Connection header
opening handshake failed
Traceback (most recent call last):
  File "/root/se-toolkit-lab-8/venv/lib/python3.14/site-packages/websockets/asyncio/server.py", line 356, in conn_handler
    await connection.handshake(
    ...<3 lines>...
    )
  File "/root/se-toolkit-lab-8/venv/lib/python3.14/site-packages/websockets/asyncio/server.py", line 207, in handshake
    raise self.protocol.handshake_exc
  File "/root/se-toolkit-lab-8/venv/lib/python3.14/site-packages/websockets/server.py", line 140, in accept
    ) = self.process_request(request)
        ~~~~~~~~~~~~~~~~~~~~^^^^^^^^^
  File "/root/se-toolkit-lab-8/venv/lib/python3.14/site-packages/websockets/server.py", line 235, in process_request
    raise InvalidUpgrade(
        "Connection", ", ".join(connection) if connection else None
    )
websockets.exceptions.InvalidUpgrade: missing Connection header
